#!/usr/bin/env python


class MyClass(object):

    # Comment

      # Comment

    def fifth(self, laaa, deee):
        """Fifth method comment"""
        bar = laaa
# Comment

    # Comment

        # Comment

            # Comment

        return (bar)

if __name__ == "__nope__":
    print('this should never happen')

# Def on multiple lines!
